[    0.000000] Linux version 5.10.109 (sebastian@sebastian-msi) (mips-openwrt-linux-musl-gcc (OpenWrt GCC 11.2.0 r19138+51-4ecf8346c0) 11.2.0, GNU ld (GNU Binutils) 2.37) #0 Fri Jun 24 21:09:07 2022
[    0.000000] printk: bootconsole [early0] enabled
[    0.000000] CPU0 revision is: 00019374 (MIPS 24Kc)
[    0.000000] MIPS: machine is D-Link DSP-W215 B1
[    0.000000] SoC: Qualcomm Atheros QCA9533 ver 2 rev 0
[    0.000000] Initrd not found or empty - disabling initrd
[    0.000000] Primary instruction cache 64kB, VIPT, 4-way, linesize 32 bytes.
[    0.000000] Primary data cache 32kB, 4-way, VIPT, cache aliases, linesize 32 bytes
[    0.000000] Zone ranges:
[    0.000000]   Normal   [mem 0x0000000000000000-0x0000000003ffffff]
[    0.000000] Movable zone start for each node
[    0.000000] Early memory node ranges
[    0.000000]   node   0: [mem 0x0000000000000000-0x0000000003ffffff]
[    0.000000] Initmem setup node 0 [mem 0x0000000000000000-0x0000000003ffffff]
[    0.000000] On node 0 totalpages: 16384
[    0.000000]   Normal zone: 128 pages used for memmap
[    0.000000]   Normal zone: 0 pages reserved
[    0.000000]   Normal zone: 16384 pages, LIFO batch:3
[    0.000000] pcpu-alloc: s0 r0 d32768 u32768 alloc=1*32768
[    0.000000] pcpu-alloc: [0] 0 
[    0.000000] Built 1 zonelists, mobility grouping on.  Total pages: 16256
[    0.000000] Kernel command line: console=ttyS0,115200n8 rootfstype=squashfs,jffs2
[    0.000000] Dentry cache hash table entries: 8192 (order: 3, 32768 bytes, linear)
[    0.000000] Inode-cache hash table entries: 4096 (order: 2, 16384 bytes, linear)
[    0.000000] Writing ErrCtl register=00000000
[    0.000000] Readback ErrCtl register=00000000
[    0.000000] mem auto-init: stack:off, heap alloc:off, heap free:off
[    0.000000] Memory: 58184K/65536K available (4110K kernel code, 552K rwdata, 636K rodata, 1220K init, 191K bss, 7352K reserved, 0K cma-reserved)
[    0.000000] SLUB: HWalign=32, Order=0-3, MinObjects=0, CPUs=1, Nodes=1
[    0.000000] NR_IRQS: 51
[    0.000000] random: get_random_bytes called from 0x8058fa7c with crng_init=0
[    0.000000] CPU clock: 650.000 MHz
[    0.000000] clocksource: MIPS: mask: 0xffffffff max_cycles: 0xffffffff, max_idle_ns: 5880801374 ns
[    0.000011] sched_clock: 32 bits at 325MHz, resolution 3ns, wraps every 6607641598ns
[    0.008272] Calibrating delay loop... 432.53 BogoMIPS (lpj=2162688)
[    0.074895] pid_max: default: 32768 minimum: 301
[    0.079967] Mount-cache hash table entries: 1024 (order: 0, 4096 bytes, linear)
[    0.087680] Mountpoint-cache hash table entries: 1024 (order: 0, 4096 bytes, linear)
[    0.098010] dyndbg: Ignore empty _ddebug table in a CONFIG_DYNAMIC_DEBUG_CORE build
[    0.108853] clocksource: jiffies: mask: 0xffffffff max_cycles: 0xffffffff, max_idle_ns: 19112604462750000 ns
[    0.119291] futex hash table entries: 256 (order: -1, 3072 bytes, linear)
[    0.126557] pinctrl core: initialized pinctrl subsystem
[    0.133534] NET: Registered protocol family 16
[    0.191285] clocksource: Switched to clocksource MIPS
[    0.198425] NET: Registered protocol family 2
[    0.203341] IP idents hash table entries: 2048 (order: 2, 16384 bytes, linear)
[    0.211835] tcp_listen_portaddr_hash hash table entries: 512 (order: 0, 4096 bytes, linear)
[    0.220690] TCP established hash table entries: 1024 (order: 0, 4096 bytes, linear)
[    0.228865] TCP bind hash table entries: 1024 (order: 0, 4096 bytes, linear)
[    0.236350] TCP: Hash tables configured (established 1024 bind 1024)
[    0.243302] UDP hash table entries: 256 (order: 0, 4096 bytes, linear)
[    0.250233] UDP-Lite hash table entries: 256 (order: 0, 4096 bytes, linear)
[    0.258003] NET: Registered protocol family 1
[    0.262704] PCI: CLS 0 bytes, default 32
[    0.279192] workingset: timestamp_bits=30 max_order=14 bucket_order=0
[    0.290309] squashfs: version 4.0 (2009/01/31) Phillip Lougher
[    0.296535] jffs2: version 2.2 (NAND) (SUMMARY) (LZMA) (RTIME) (CMODE_PRIORITY) (c) 2001-2006 Red Hat, Inc.
[    0.311844] pinctrl-single 1804002c.pinmux: 576 pins, size 72
[    0.318611] gpio-export gpio-export: 1 gpio(s) exported
[    0.325260] Serial: 8250/16550 driver, 1 ports, IRQ sharing disabled
[    0.333078] printk: console [ttyS0] disabled
[    0.337701] 18020000.uart: ttyS0 at MMIO 0x18020000 (irq = 9, base_baud = 1562500) is a 16550A
[    0.346919] printk: console [ttyS0] enabled
[    0.356008] printk: bootconsole [early0] disabled
[    0.380491] spi-nor spi0.0: mx25l6405d (8192 Kbytes)
[    0.385848] 7 fixed-partitions partitions found on MTD device spi0.0
[    0.392450] Creating 7 MTD partitions on "spi0.0":
[    0.397415] 0x000000000000-0x000000010000 : "u-boot"
[    0.407538] 0x000000010000-0x000000020000 : "art"
[    0.413853] 0x000000020000-0x000000030000 : "mp"
[    0.422155] 0x000000030000-0x000000040000 : "config"
[    0.428561] 0x000000040000-0x000000050000 : "log"
[    0.436873] 0x000000050000-0x0000002b0000 : "recovery"
[    0.443672] 0x0000002b0000-0x000000800000 : "firmware"
[    0.452632] 2 uimage-fw partitions found on MTD device firmware
[    0.458772] Creating 2 MTD partitions on "firmware":
[    0.464016] 0x000000000000-0x0000001a0000 : "kernel"
[    0.471504] 0x0000001a0000-0x000000550000 : "rootfs"
[    0.477815] mtd: device 8 (rootfs) set to be root filesystem
[    0.485050] 1 squashfs-split partitions found on MTD device rootfs
[    0.491573] 0x0000004a0000-0x000000550000 : "rootfs_data"
[    0.508560] NET: Registered protocol family 10
[    0.535869] Segment Routing with IPv6
[    0.539821] NET: Registered protocol family 17
[    0.544928] 8021q: 802.1Q VLAN Support v1.8
[    0.557541] VFS: Mounted root (squashfs filesystem) readonly on device 31:8.
[    0.575337] Freeing unused kernel memory: 1220K
[    0.580024] This architecture does not have kernel memory protection.
[    0.586742] Run /sbin/init as init process
[    0.590970]   with arguments:
[    0.590975]     /sbin/init
[    0.590981]   with environment:
[    0.590987]     HOME=/
[    0.590992]     TERM=linux
[    1.795770] init: Console is alive
[    1.800080] init: - watchdog -
[    2.401299] random: fast init done
[    3.275332] kmodloader: loading kernel modules from /etc/modules-boot.d/*
[    3.701852] gpio-keys keys: Button node 'key_ac_toggle' without keycode
[    3.708772] gpio-keys: probe of keys failed with error -22
[    3.717364] kmodloader: done loading kernel modules from /etc/modules-boot.d/*
[    3.735678] init: - preinit -
[    5.626321] random: jshn: uninitialized urandom read (4 bytes read)
[    5.728423] random: jshn: uninitialized urandom read (4 bytes read)
[    5.874250] random: jshn: uninitialized urandom read (4 bytes read)
[    6.086009] do_page_fault(): sending SIGSEGV to lock for invalid write access to 0000000c
[    6.094557] epc = 77dfaa48 in libc.so[77d7e000+a9000]
[    6.099813] ra  = 77dfa9cc in libc.so[77d7e000+a9000]
[   10.639680] jffs2: notice: (346) jffs2_build_xattr_subsystem: complete building xattr subsystem, 29 of xdatum (18 unchecked, 11 orphan) and 33 of xref (11 dead, 0 orphan) found.
[   10.659163] mount_root: switching to jffs2 overlay
[   10.670542] overlayfs: upper fs does not support tmpfile.
[   10.699238] urandom-seed: Seeding 4096 bits and crediting
[   10.705645] random: crng init done
[   10.709182] random: 3 urandom warning(s) missed due to ratelimiting
[   10.729165] urandom-seed: Saving 4096 bits of creditable seed for next boot
[   10.764777] procd: - early -
[   10.768347] procd: - watchdog -
[   11.833515] procd: - watchdog -
[   11.838538] procd: - ubus -
[   12.614733] procd: - init -
[   14.421193] kmodloader: loading kernel modules from /etc/modules.d/*
[   14.942617] urngd: v1.0.2 started.
[   15.013541] Loading modules backported from Linux version v5.15.8-0-g43e577d7a2cb
[   15.021381] Backport generated by backports.git v5.15.8-1-0-g83f664bb
[   15.438054] ath: EEPROM regdomain sanitized
[   15.438081] ath: EEPROM regdomain: 0x64
[   15.438088] ath: EEPROM indicates we should expect a direct regpair map
[   15.438123] ath: Country alpha2 being used: 00
[   15.438129] ath: Regpair used: 0x64
[   15.452240] ieee80211 phy0: Selected rate control algorithm 'minstrel_ht'
[   15.455318] ieee80211 phy0: Atheros AR9531 Rev:2 mem=0xb8100000, irq=12
[   15.512007] kmodloader: done loading kernel modules from /etc/modules.d/*
[   49.297819] br-lan: port 1(wlan0-1) entered blocking state
[   49.303623] br-lan: port 1(wlan0-1) entered disabled state
[   49.309804] device wlan0-1 entered promiscuous mode
[   53.751711] wlan0: authenticate with XX:XX:XX:XX:XX:XX
[   53.771231] wlan0: send auth to XX:XX:XX:XX:XX:XX (try 1/3)
[   53.780183] wlan0: authenticated
[   53.821470] wlan0: associate with XX:XX:XX:XX:XX:XX (try 1/3)
[   53.832077] wlan0: RX AssocResp from XX:XX:XX:XX:XX:XX (capab=0x431 status=0 aid=1)
[   53.840603] wlan0: associated
[   53.905386] IPv6: ADDRCONF(NETDEV_CHANGE): wlan0: link becomes ready
[   54.186836] IPv6: ADDRCONF(NETDEV_CHANGE): wlan0-1: link becomes ready
[   54.194018] br-lan: port 1(wlan0-1) entered blocking state
[   54.199748] br-lan: port 1(wlan0-1) entered forwarding state
[   54.252522] IPv6: ADDRCONF(NETDEV_CHANGE): br-lan: link becomes ready
